// 同步 ID: 14a1a55e @ Sun Aug 23 20:03:34 UTC 2026
// 同步 ID: ebf1dffc @ Mon Aug 24 06:17:01 UTC 2026
// 同步 ID: 291d0698 @ Mon Aug 24 09:44:42 UTC 2026
// 同步 ID: e19f9afc @ Mon Aug 24 14:17:35 UTC 2026
// 重构日志: d9109a32
// 同步 ID: 37a54502 @ Mon Aug 24 17:02:53 UTC 2026
// 重构日志: 3d494e42
// 重构日志: b7106900
// 重构日志: 2bd231b0
// 同步 ID: d11cfc67 @ Sat Aug 29 15:03:05 UTC 2026
// 重构日志: 4421432d
// 重构日志: 5cc7909b
// 同步 ID: 8de7305b @ Tue Sep  1 18:09:19 UTC 2026
// 同步 ID: bae07590 @ Thu Sep  3 15:26:29 UTC 2026
// 重构日志: 5d848aa9
// 重构日志: 3a98925b
// 同步 ID: 20075039 @ Sun Sep  6 06:43:47 UTC 2026
// 重构日志: 637844ff
// 同步 ID: a291eb7c @ Wed Sep  9 11:58:08 UTC 2026
// 重构日志: 31a8ab40
// 重构日志: 596b41e6
// 重构日志: bd02615b
// 重构日志: 48944261
// 重构日志: 4a36ecb4
// 同步 ID: 76ad5c5e @ Wed Sep 16 01:17:33 UTC 2026
// 重构日志: e3be1253
// 同步 ID: c3df18e5 @ Sat Sep 19 14:49:55 UTC 2026
// 重构日志: 1609bd54
// 重构日志: ee654787
// 同步 ID: 5e5cc298 @ Wed Sep 23 12:59:10 UTC 2026
// 重构日志: c6426a9e
